// Jest Snapshot v1, https://goo.gl/fbAQLP

exports[`EventCard snapshot renders title and computed meta 1`] = `
<View
  accessibilityState={
    {
      "busy": undefined,
      "checked": undefined,
      "disabled": undefined,
      "expanded": undefined,
      "selected": undefined,
    }
  }
  accessibilityValue={
    {
      "max": undefined,
      "min": undefined,
      "now": undefined,
      "text": undefined,
    }
  }
  accessible={true}
  collapsable={false}
  focusable={true}
  onBlur={[Function]}
  onClick={[Function]}
  onFocus={[Function]}
  onResponderGrant={[Function]}
  onResponderMove={[Function]}
  onResponderRelease={[Function]}
  onResponderTerminate={[Function]}
  onResponderTerminationRequest={[Function]}
  onStartShouldSetResponder={[Function]}
  style={
    [
      {
        "alignItems": "center",
        "backgroundColor": "#0f0f0f",
        "flexDirection": "row",
        "minHeight": 80,
        "paddingHorizontal": 16,
        "paddingVertical": 10,
      },
      false,
    ]
  }
>
  <Image
    source={
      {
        "testUri": "../../../assets/placeholder.png",
      }
    }
    style={
      {
        "backgroundColor": "#1a1a1a",
        "borderRadius": 10,
        "height": 72,
        "marginRight": 12,
        "width": 72,
      }
    }
  />
  <View
    style={
      {
        "flex": 1,
      }
    }
  >
    <Text
      numberOfLines={1}
      style={
        {
          "color": "#fff",
          "fontSize": 16,
          "fontWeight": "700",
        }
      }
    >
      Rock Night
    </Text>
    <Text
      numberOfLines={1}
      style={
        {
          "color": "#cfcfcf",
          "fontSize": 12,
          "marginTop": 2,
        }
      }
    >
      Music Hall Â· Thu 28th 9:00 PM
    </Text>
  </View>
</View>
`;
